// Jest Snapshot v1, https://goo.gl/fbAQLP

exports[`<Layout /> Should render correctly 1`] = `
<div>
  <header
    class="css-w41d0-HeaderRoot e5zvaax0"
  >
    <div
      class="css-u5y1t0-HeaderContainer e5zvaax1"
    >
      <nav
        class="css-wvyf6s-NavRoot e5zvaax2"
      >
        <div
          class="css-1vw1113-ListItem e5zvaax3"
        >
          <a
            class="css-15ani8u-ItemLink efsj4xr0"
            href="/#features"
          >
            phrases.features
          </a>
          <a
            class="css-15ani8u-ItemLink efsj4xr0"
            href="/#exampleGetApi"
          >
            phrases.apiExample
          </a>
        </div>
        <div
          class="css-kh7q0g-Space e5zvaax5"
        />
        <div
          class="css-1jbsa08-ListActions e5zvaax4"
        >
          <select
            class="css-rdesed-SelectRoot e1t7ooym0"
            id="languages"
            name="languages"
          >
            <option
              value="es"
            >
              languages.es
            </option>
            <option
              value="en"
            >
              languages.en
            </option>
          </select>
        </div>
      </nav>
    </div>
  </header>
  <main>
    <div
      class="css-1f5wcpk-BannerRoot e14450ig0"
    >
      <img
        alt="react-next-boilerplate"
        class="css-1wov1b9-Logo e14450ig3"
        src="/static/images/reac-next-boilerplate-logo.svg"
      />
      <h1
        class="css-1f42zqr-Title e14450ig1"
      >
        title
      </h1>
      <h2
        class="css-pfcoqg-SubTitle e14450ig2"
      >
        subTitle
      </h2>
    </div>
    <div>
      some text
    </div>
  </main>
  <footer
    class="jsx-898115948 root"
  >
    <div
      class="jsx-898115948 container"
    >
      <div
        class="jsx-898115948 row"
      >
        <a
          class="jsx-898115948 link"
          href="https://nextjs.org/features/server-side-rendering"
          rel="noopener noreferrer"
          target="_blank"
        >
          SSR
        </a>
        <a
          class="jsx-898115948 link"
          href="https://nextjs.org/features/static-exporting"
          rel="noopener noreferrer"
          target="_blank"
        >
          Static Exporting
        </a>
        <a
          class="jsx-898115948 link"
          href="https://nextjs.org/features/css-in-js"
          rel="noopener noreferrer"
          target="_blank"
        >
          CSS-in-JS
        </a>
        <a
          class="jsx-898115948 link"
          href="https://nextjs.org/features/progressive-web-apps"
          rel="noopener noreferrer"
          target="_blank"
        >
          PWA
        </a>
      </div>
    </div>
  </footer>
</div>
`;
