// Jest Snapshot v1, https://goo.gl/fbAQLP

exports[`<Header /> Should render correctly 1`] = `
<div>
  <header
    class="css-w41d0-HeaderRoot e5zvaax0"
  >
    <div
      class="css-u5y1t0-HeaderContainer e5zvaax1"
    >
      <nav
        class="css-wvyf6s-NavRoot e5zvaax2"
      >
        <div
          class="css-1vw1113-ListItem e5zvaax3"
        >
          <a
            class="css-15ani8u-ItemLink efsj4xr0"
            href="/#features"
          />
          <a
            class="css-15ani8u-ItemLink efsj4xr0"
            href="/#exampleGetApi"
          />
        </div>
        <div
          class="css-kh7q0g-Space e5zvaax5"
        />
        <div
          class="css-1jbsa08-ListActions e5zvaax4"
        >
          <select
            class="css-rdesed-SelectRoot e1t7ooym0"
            id="languages"
            name="languages"
          >
            <option
              value="es"
            />
            <option
              value="en"
            />
          </select>
        </div>
      </nav>
    </div>
  </header>
</div>
`;
